Operations to perform:
  Apply all migrations: admin, api, auth, authtoken, contenttypes, sessions
Running migrations:
  Applying contenttypes.0001_initial... OK
  Applying auth.0001_initial... OK
  Applying admin.0001_initial... OK
  Applying admin.0002_logentry_remove_auto_add... OK
  Applying admin.0003_logentry_add_action_flag_choices... OK
  Applying api.0001_initial... OK
  Applying contenttypes.0002_remove_content_type_name... OK
  Applying auth.0002_alter_permission_name_max_length... OK
  Applying auth.0003_alter_user_email_max_length... OK
  Applying auth.0004_alter_user_username_opts... OK
  Applying auth.0005_alter_user_last_login_null... OK
  Applying auth.0006_require_contenttypes_0002... OK
  Applying auth.0007_alter_validators_add_error_messages... OK
  Applying auth.0008_alter_user_username_max_length... OK
  Applying auth.0009_alter_user_last_name_max_length... OK
  Applying auth.0010_alter_group_name_max_length... OK
  Applying auth.0011_update_proxy_permissions... OK
  Applying auth.0012_alter_user_first_name_max_length... OK
  Applying authtoken.0001_initial... OK
  Applying authtoken.0002_auto_20160226_1747... OK
  Applying authtoken.0003_tokenproxy... OK
  Applying authtoken.0004_alter_tokenproxy_options... OK
  Applying sessions.0001_initial... OK
Watching for file changes with StatReloader
Performing system checks...

System check identified no issues (0 silenced).
June 30, 2025 - 20:51:34
Django version 5.2, using settings 'config.settings'
Starting development server at http://0.0.0.0:3001/
Quit the server with CONTROL-C.

WARNING: This is a development server. Do not use it in a production setting. Use a production WSGI or ASGI server instead.
For more information on production servers see: https://docs.djangoproject.com/en/5.2/howto/deployment/
[30/Jun/2025 20:51:43] "HEAD /docs HTTP/1.1" 301 0
[30/Jun/2025 20:51:43] "HEAD /docs HTTP/1.1" 301 0
[30/Jun/2025 20:51:43] "HEAD /docs/ HTTP/1.1" 200 0
[30/Jun/2025 20:51:43] "HEAD /docs/ HTTP/1.1" 200 0
[30/Jun/2025 20:51:43] "HEAD /docs HTTP/1.1" 301 0
[30/Jun/2025 20:51:43] "HEAD /docs HTTP/1.1" 301 0
[30/Jun/2025 20:51:43] "GET /docs HTTP/1.1" 301 0
[30/Jun/2025 20:51:43] "HEAD /docs/ HTTP/1.1" 200 0
[30/Jun/2025 20:51:43] "HEAD /docs/ HTTP/1.1" 200 0
[30/Jun/2025 20:51:43] "HEAD /docs HTTP/1.1" 301 0
[30/Jun/2025 20:51:43] "HEAD /docs HTTP/1.1" 301 0
[30/Jun/2025 20:51:44] "GET /docs HTTP/1.1" 301 0
[30/Jun/2025 20:51:44] "HEAD /docs/ HTTP/1.1" 200 0
[30/Jun/2025 20:51:44] "HEAD /docs/ HTTP/1.1" 200 0
[30/Jun/2025 20:51:44] "GET /docs/ HTTP/1.1" 200 2206
[30/Jun/2025 20:51:44] "GET /docs/ HTTP/1.1" 200 2206
[30/Jun/2025 20:51:50] "HEAD /docs HTTP/1.1" 301 0
[30/Jun/2025 20:51:50] "HEAD /docs HTTP/1.1" 301 0
[30/Jun/2025 20:51:50] "HEAD /docs/ HTTP/1.1" 200 0
[30/Jun/2025 20:51:50] "HEAD /docs/ HTTP/1.1" 200 0
[30/Jun/2025 20:51:50] "HEAD /docs HTTP/1.1" 301 0
[30/Jun/2025 20:51:50] "HEAD /docs HTTP/1.1" 301 0
[30/Jun/2025 20:51:51] "GET /docs/ HTTP/1.1" 200 2206
[30/Jun/2025 20:51:51] "HEAD /docs/ HTTP/1.1" 200 0
[30/Jun/2025 20:51:51] "HEAD /docs/ HTTP/1.1" 200 0
[30/Jun/2025 20:51:51] "HEAD /docs HTTP/1.1" 301 0
[30/Jun/2025 20:51:51] "HEAD /docs HTTP/1.1" 301 0
[30/Jun/2025 20:51:51] "GET /docs/ HTTP/1.1" 200 2206
[30/Jun/2025 20:51:51] "HEAD /docs/ HTTP/1.1" 200 0
[30/Jun/2025 20:51:51] "HEAD /docs/ HTTP/1.1" 200 0
[30/Jun/2025 20:51:51] "GET /docs/ HTTP/1.1" 200 2206
[30/Jun/2025 20:52:09] "HEAD /docs HTTP/1.1" 301 0
[30/Jun/2025 20:52:09] "HEAD /docs HTTP/1.1" 301 0
[30/Jun/2025 20:52:09] "HEAD /docs/ HTTP/1.1" 200 0
[30/Jun/2025 20:52:09] "HEAD /docs/ HTTP/1.1" 200 0
[30/Jun/2025 20:52:09] "HEAD /docs HTTP/1.1" 301 0
[30/Jun/2025 20:52:10] "HEAD /docs HTTP/1.1" 301 0
[30/Jun/2025 20:52:10] "GET /docs HTTP/1.1" 301 0
[30/Jun/2025 20:52:10] "GET /docs HTTP/1.1" 301 0
[30/Jun/2025 20:52:10] "HEAD /docs HTTP/1.1" 301 0
[30/Jun/2025 20:52:10] "HEAD /docs HTTP/1.1" 301 0
[30/Jun/2025 20:52:10] "HEAD /docs/ HTTP/1.1" 200 0
[30/Jun/2025 20:52:10] "HEAD /docs/ HTTP/1.1" 200 0
[30/Jun/2025 20:52:10] "HEAD /docs/ HTTP/1.1" 200 0
[30/Jun/2025 20:52:10] "HEAD /docs/ HTTP/1.1" 200 0
[30/Jun/2025 20:52:10] "GET /docs HTTP/1.1" 301 0
[30/Jun/2025 20:52:10] "GET /docs HTTP/1.1" 301 0
[30/Jun/2025 20:52:11] "GET /docs/ HTTP/1.1" 200 2206
[30/Jun/2025 20:52:11] "GET /docs/ HTTP/1.1" 200 2206
/home/kavia/workspace/code-generation/eventmanagerapi-62799-1759a8bb/event_api_backend/config/settings.py changed, reloading.
Watching for file changes with StatReloader
Performing system checks...

System check identified no issues (0 silenced).
June 30, 2025 - 20:53:37
Django version 5.2, using settings 'config.settings'
Starting development server at http://0.0.0.0:3001/
Quit the server with CONTROL-C.

WARNING: This is a development server. Do not use it in a production setting. Use a production WSGI or ASGI server instead.
For more information on production servers see: https://docs.djangoproject.com/en/5.2/howto/deployment/
/home/kavia/workspace/code-generation/eventmanagerapi-62799-1759a8bb/event_api_backend/config/settings.py changed, reloading.
Watching for file changes with StatReloader
Performing system checks...

System check identified no issues (0 silenced).
June 30, 2025 - 20:53:49
Django version 5.2, using settings 'config.settings'
Starting development server at http://0.0.0.0:3001/
Quit the server with CONTROL-C.

WARNING: This is a development server. Do not use it in a production setting. Use a production WSGI or ASGI server instead.
For more information on production servers see: https://docs.djangoproject.com/en/5.2/howto/deployment/
[30/Jun/2025 20:53:49] "HEAD /docs HTTP/1.1" 301 0
[30/Jun/2025 20:53:49] "HEAD /docs HTTP/1.1" 301 0
[30/Jun/2025 20:53:49] "HEAD /docs HTTP/1.1" 301 0
[30/Jun/2025 20:53:49] "HEAD /docs HTTP/1.1" 301 0
[30/Jun/2025 20:53:49] "HEAD /docs/ HTTP/1.1" 200 0
[30/Jun/2025 20:53:49] "HEAD /docs/ HTTP/1.1" 200 0
[30/Jun/2025 20:53:49] "HEAD /docs/ HTTP/1.1" 200 0
[30/Jun/2025 20:53:49] "HEAD /docs/ HTTP/1.1" 200 0
[30/Jun/2025 20:53:49] "GET /docs HTTP/1.1" 301 0
[30/Jun/2025 20:53:49] "GET /docs HTTP/1.1" 301 0
[30/Jun/2025 20:53:50] "GET /docs/ HTTP/1.1" 200 2206
[30/Jun/2025 20:53:50] "GET /docs/ HTTP/1.1" 200 2206
[30/Jun/2025 20:53:50] "GET /static/drf-yasg/style.css HTTP/1.1" 200 1047
[30/Jun/2025 20:53:50] "GET /static/drf-yasg/swagger-ui-dist/swagger-ui.css HTTP/1.1" 200 145206
[30/Jun/2025 20:53:50] "GET /static/drf-yasg/swagger-ui-dist/swagger-ui-standalone-preset.js HTTP/1.1" 200 322863
[30/Jun/2025 20:53:50] "GET /static/drf-yasg/immutable.min.js HTTP/1.1" 200 56904
[30/Jun/2025 20:53:50] "GET /static/drf-yasg/insQ.min.js HTTP/1.1" 200 2093
[30/Jun/2025 20:53:50] "GET /static/drf-yasg/swagger-ui-init.js HTTP/1.1" 200 15480
[30/Jun/2025 20:53:50] "GET /static/drf-yasg/style.css HTTP/1.1" 200 1047
[30/Jun/2025 20:53:50] "GET /static/drf-yasg/swagger-ui-init.js HTTP/1.1" 200 15480
[30/Jun/2025 20:53:50] "GET /static/drf-yasg/swagger-ui-dist/swagger-ui-bundle.js HTTP/1.1" 200 1046583
[30/Jun/2025 20:53:50] "GET /static/drf-yasg/swagger-ui-dist/swagger-ui-standalone-preset.js HTTP/1.1" 200 322863
[30/Jun/2025 20:53:50] "GET /static/drf-yasg/immutable.min.js HTTP/1.1" 200 56904
[30/Jun/2025 20:53:50] "GET /static/drf-yasg/swagger-ui-dist/swagger-ui.css HTTP/1.1" 200 145206
[30/Jun/2025 20:53:50] "GET /static/drf-yasg/insQ.min.js HTTP/1.1" 200 2093
[30/Jun/2025 20:53:50] "GET /static/drf-yasg/swagger-ui-dist/swagger-ui-bundle.js HTTP/1.1" 200 1046583
[30/Jun/2025 20:53:51] "GET /static/drf-yasg/swagger-ui-dist/swagger-ui.css.map HTTP/1.1" 200 251096
[30/Jun/2025 20:53:52] "GET /static/drf-yasg/swagger-ui-dist/swagger-ui.css.map HTTP/1.1" 200 251096
[30/Jun/2025 20:53:52] "GET /static/drf-yasg/swagger-ui-dist/swagger-ui-bundle.js.map HTTP/1.1" 200 1540070
[30/Jun/2025 20:53:52] "GET /static/drf-yasg/swagger-ui-dist/swagger-ui-standalone-preset.js.map HTTP/1.1" 200 517830
[30/Jun/2025 20:53:52] "GET /docs/?format=openapi HTTP/1.1" 200 3757
[30/Jun/2025 20:53:53] "GET /static/drf-yasg/swagger-ui-dist/swagger-ui-standalone-preset.js.map HTTP/1.1" 200 517830
[30/Jun/2025 20:53:53] "GET /static/drf-yasg/swagger-ui-dist/swagger-ui-bundle.js.map HTTP/1.1" 200 1540070
[30/Jun/2025 20:53:53] "GET /docs/?format=openapi HTTP/1.1" 200 3757
[30/Jun/2025 20:53:53] "GET /docs/?format=openapi HTTP/1.1" 200 3757
[30/Jun/2025 20:53:53] "GET /docs/?format=openapi HTTP/1.1" 200 3757
[30/Jun/2025 20:53:54] "GET /docs/?format=openapi HTTP/1.1" 200 3757
[30/Jun/2025 20:53:54] "GET /docs/?format=openapi HTTP/1.1" 200 3757
[30/Jun/2025 20:55:01] "HEAD /docs HTTP/1.1" 301 0
[30/Jun/2025 20:55:01] "HEAD /docs HTTP/1.1" 301 0
[30/Jun/2025 20:55:01] "HEAD /docs HTTP/1.1" 301 0
[30/Jun/2025 20:55:01] "HEAD /docs HTTP/1.1" 301 0
[30/Jun/2025 20:55:01] "HEAD /docs HTTP/1.1" 301 0
[30/Jun/2025 20:55:01] "HEAD /docs HTTP/1.1" 301 0
[30/Jun/2025 20:55:01] "HEAD /docs/ HTTP/1.1" 200 0
[30/Jun/2025 20:55:01] "HEAD /docs/ HTTP/1.1" 200 0
[30/Jun/2025 20:55:01] "HEAD /docs/ HTTP/1.1" 200 0
[30/Jun/2025 20:55:01] "HEAD /docs/ HTTP/1.1" 200 0
[30/Jun/2025 20:55:01] "HEAD /docs/ HTTP/1.1" 200 0
[30/Jun/2025 20:55:01] "HEAD /docs/ HTTP/1.1" 200 0
[30/Jun/2025 20:55:02] "GET /docs HTTP/1.1" 301 0
[30/Jun/2025 20:55:02] "GET /docs HTTP/1.1" 301 0
[30/Jun/2025 20:55:02] "GET /docs/ HTTP/1.1" 200 2206
[30/Jun/2025 20:55:02] "GET /docs/ HTTP/1.1" 200 2206
[30/Jun/2025 20:55:03] "GET /static/drf-yasg/swagger-ui-dist/swagger-ui.css HTTP/1.1" 200 145206
[30/Jun/2025 20:55:03] "GET /static/drf-yasg/style.css HTTP/1.1" 200 1047
[30/Jun/2025 20:55:03] "GET /static/drf-yasg/style.css HTTP/1.1" 200 1047
[30/Jun/2025 20:55:03] "GET /static/drf-yasg/swagger-ui-dist/swagger-ui.css HTTP/1.1" 200 145206
[30/Jun/2025 20:55:04] "GET /static/drf-yasg/swagger-ui-dist/swagger-ui-standalone-preset.js HTTP/1.1" 200 322863
[30/Jun/2025 20:55:04] "GET /static/drf-yasg/swagger-ui-dist/swagger-ui-standalone-preset.js HTTP/1.1" 200 322863
[30/Jun/2025 20:55:04] "GET /static/drf-yasg/swagger-ui-dist/swagger-ui-bundle.js HTTP/1.1" 200 1046583
[30/Jun/2025 20:55:04] "GET /static/drf-yasg/swagger-ui-dist/swagger-ui-bundle.js HTTP/1.1" 200 1046583
[30/Jun/2025 20:55:05] "GET /static/drf-yasg/insQ.min.js HTTP/1.1" 200 2093
[30/Jun/2025 20:55:05] "GET /static/drf-yasg/swagger-ui-dist/swagger-ui.css.map HTTP/1.1" 200 251096
[30/Jun/2025 20:55:05] "GET /static/drf-yasg/swagger-ui-dist/swagger-ui-bundle.js.map HTTP/1.1" 200 1540070
[30/Jun/2025 20:55:05] "GET /static/drf-yasg/insQ.min.js HTTP/1.1" 200 2093
[30/Jun/2025 20:55:05] "GET /static/drf-yasg/swagger-ui-dist/swagger-ui.css.map HTTP/1.1" 200 251096
[30/Jun/2025 20:55:05] "GET /static/drf-yasg/swagger-ui-dist/swagger-ui-bundle.js.map HTTP/1.1" 200 1540070
[30/Jun/2025 20:55:05] "GET /static/drf-yasg/immutable.min.js HTTP/1.1" 200 56904
[30/Jun/2025 20:55:05] "GET /static/drf-yasg/immutable.min.js HTTP/1.1" 200 56904
[30/Jun/2025 20:55:05] "GET /static/drf-yasg/swagger-ui-dist/swagger-ui-standalone-preset.js.map HTTP/1.1" 200 517830
[30/Jun/2025 20:55:06] "GET /static/drf-yasg/swagger-ui-init.js HTTP/1.1" 200 15480
[30/Jun/2025 20:55:06] "GET /docs HTTP/1.1" 301 0
[30/Jun/2025 20:55:07] "GET /static/drf-yasg/swagger-ui-init.js HTTP/1.1" 200 15480
[30/Jun/2025 20:55:07] "GET /docs/ HTTP/1.1" 200 2206
[30/Jun/2025 20:55:07] "GET /docs/?format=openapi HTTP/1.1" 200 3757
[30/Jun/2025 20:55:07] "GET /static/drf-yasg/swagger-ui-dist/swagger-ui-standalone-preset.js.map HTTP/1.1" 200 517830
[30/Jun/2025 20:55:08] "GET /docs/?format=openapi HTTP/1.1" 200 3757
[30/Jun/2025 20:55:08] "GET /static/drf-yasg/swagger-ui-dist/favicon-32x32.png HTTP/1.1" 200 628
[30/Jun/2025 20:55:08] "GET /docs/?format=openapi HTTP/1.1" 200 3757
[30/Jun/2025 20:55:08] "GET /docs/?format=openapi HTTP/1.1" 200 3757
[30/Jun/2025 20:55:08] "GET /docs/?format=openapi HTTP/1.1" 200 3757
[30/Jun/2025 20:55:08] "GET /docs/?format=openapi HTTP/1.1" 200 3757
[30/Jun/2025 20:55:08] "GET /docs/?format=openapi HTTP/1.1" 200 3757
[30/Jun/2025 20:55:09] "GET /docs/?format=openapi HTTP/1.1" 200 3757
[30/Jun/2025 20:57:27] "HEAD /docs HTTP/1.1" 301 0
[30/Jun/2025 20:57:28] "HEAD /docs HTTP/1.1" 301 0
[30/Jun/2025 20:57:28] "HEAD /docs HTTP/1.1" 301 0
[30/Jun/2025 20:57:28] "HEAD /docs HTTP/1.1" 301 0
[30/Jun/2025 20:57:28] "HEAD /docs HTTP/1.1" 301 0
[30/Jun/2025 20:57:28] "HEAD /docs HTTP/1.1" 301 0
[30/Jun/2025 20:57:28] "HEAD /docs/ HTTP/1.1" 200 0
[30/Jun/2025 20:57:28] "HEAD /docs/ HTTP/1.1" 200 0
[30/Jun/2025 20:57:28] "HEAD /docs/ HTTP/1.1" 200 0
[30/Jun/2025 20:57:28] "HEAD /docs/ HTTP/1.1" 200 0
[30/Jun/2025 20:57:28] "HEAD /docs/ HTTP/1.1" 200 0
[30/Jun/2025 20:57:28] "HEAD /docs/ HTTP/1.1" 200 0
[30/Jun/2025 20:57:28] "GET /docs/ HTTP/1.1" 200 2206
[30/Jun/2025 20:57:29] "GET /docs/ HTTP/1.1" 200 2206
[30/Jun/2025 20:57:29] "GET /static/drf-yasg/style.css HTTP/1.1" 304 0
[30/Jun/2025 20:57:29] "GET /static/drf-yasg/swagger-ui-dist/swagger-ui.css HTTP/1.1" 304 0
[30/Jun/2025 20:57:29] "GET /static/drf-yasg/swagger-ui-dist/swagger-ui-bundle.js HTTP/1.1" 304 0
[30/Jun/2025 20:57:29] "GET /static/drf-yasg/swagger-ui-dist/swagger-ui-standalone-preset.js HTTP/1.1" 304 0
[30/Jun/2025 20:57:29] "GET /static/drf-yasg/immutable.min.js HTTP/1.1" 304 0
[30/Jun/2025 20:57:29] "GET /static/drf-yasg/insQ.min.js HTTP/1.1" 304 0
[30/Jun/2025 20:57:29] "GET /static/drf-yasg/swagger-ui-init.js HTTP/1.1" 304 0
[30/Jun/2025 20:57:29] "GET /docs/?format=openapi HTTP/1.1" 200 3757
[30/Jun/2025 20:57:29] "GET /docs/?format=openapi HTTP/1.1" 200 3757
[30/Jun/2025 20:57:29] "GET /docs/?format=openapi HTTP/1.1" 200 3757
[30/Jun/2025 20:57:30] "GET /docs/?format=openapi HTTP/1.1" 200 3757
[30/Jun/2025 20:57:30] "GET /docs/?format=openapi HTTP/1.1" 200 3757
[30/Jun/2025 20:57:31] "GET /docs/?format=openapi HTTP/1.1" 200 3757
/home/kavia/workspace/code-generation/eventmanagerapi-62799-1759a8bb/event_api_backend/config/settings.py changed, reloading.
Watching for file changes with StatReloader
Performing system checks...

System check identified no issues (0 silenced).
June 30, 2025 - 21:02:50
Django version 5.2, using settings 'config.settings'
Starting development server at http://0.0.0.0:3001/
Quit the server with CONTROL-C.

WARNING: This is a development server. Do not use it in a production setting. Use a production WSGI or ASGI server instead.
For more information on production servers see: https://docs.djangoproject.com/en/5.2/howto/deployment/
[30/Jun/2025 21:02:51] "HEAD /docs HTTP/1.1" 301 0
[30/Jun/2025 21:02:51] "HEAD /docs HTTP/1.1" 301 0
[30/Jun/2025 21:02:51] "HEAD /docs HTTP/1.1" 301 0
[30/Jun/2025 21:02:51] "HEAD /docs HTTP/1.1" 301 0
[30/Jun/2025 21:02:52] "HEAD /docs HTTP/1.1" 301 0
[30/Jun/2025 21:02:52] "HEAD /docs/ HTTP/1.1" 200 0
[30/Jun/2025 21:02:52] "HEAD /docs/ HTTP/1.1" 200 0
[30/Jun/2025 21:02:52] "HEAD /docs/ HTTP/1.1" 200 0
[30/Jun/2025 21:02:52] "HEAD /docs HTTP/1.1" 301 0
[30/Jun/2025 21:02:52] "HEAD /docs/ HTTP/1.1" 200 0
[30/Jun/2025 21:02:52] "HEAD /docs/ HTTP/1.1" 200 0
[30/Jun/2025 21:02:52] "HEAD /docs/ HTTP/1.1" 200 0
[30/Jun/2025 21:02:52] "GET /docs/ HTTP/1.1" 200 2206
[30/Jun/2025 21:02:53] "GET /docs/ HTTP/1.1" 200 2206
[30/Jun/2025 21:02:53] "GET /static/drf-yasg/style.css HTTP/1.1" 304 0
[30/Jun/2025 21:02:53] "GET /static/drf-yasg/swagger-ui-dist/swagger-ui.css HTTP/1.1" 304 0
[30/Jun/2025 21:02:53] "GET /static/drf-yasg/swagger-ui-dist/swagger-ui-bundle.js HTTP/1.1" 304 0
[30/Jun/2025 21:02:53] "GET /static/drf-yasg/insQ.min.js HTTP/1.1" 304 0
[30/Jun/2025 21:02:53] "GET /static/drf-yasg/swagger-ui-dist/swagger-ui-standalone-preset.js HTTP/1.1" 304 0
[30/Jun/2025 21:02:53] "GET /static/drf-yasg/immutable.min.js HTTP/1.1" 304 0
[30/Jun/2025 21:02:53] "GET /static/drf-yasg/swagger-ui-init.js HTTP/1.1" 304 0
[30/Jun/2025 21:02:53] "GET /docs/?format=openapi HTTP/1.1" 200 3758
[30/Jun/2025 21:02:53] "GET /docs/?format=openapi HTTP/1.1" 200 3758
[30/Jun/2025 21:02:54] "GET /docs/?format=openapi HTTP/1.1" 200 3758
[30/Jun/2025 21:02:54] "GET /docs/?format=openapi HTTP/1.1" 200 3758
[30/Jun/2025 21:02:55] "GET /docs/?format=openapi HTTP/1.1" 200 3758
[30/Jun/2025 21:02:56] "GET /docs/?format=openapi HTTP/1.1" 200 3758
/home/kavia/workspace/code-generation/eventmanagerapi-62799-1759a8bb/event_api_backend/config/urls.py changed, reloading.
Watching for file changes with StatReloader
Performing system checks...

System check identified no issues (0 silenced).
June 30, 2025 - 21:06:06
Django version 5.2, using settings 'config.settings'
Starting development server at http://0.0.0.0:3001/
Quit the server with CONTROL-C.

WARNING: This is a development server. Do not use it in a production setting. Use a production WSGI or ASGI server instead.
For more information on production servers see: https://docs.djangoproject.com/en/5.2/howto/deployment/
/home/kavia/workspace/code-generation/eventmanagerapi-62799-1759a8bb/event_api_backend/api/views.py changed, reloading.
Watching for file changes with StatReloader
Performing system checks...

System check identified no issues (0 silenced).
June 30, 2025 - 21:07:01
Django version 5.2, using settings 'config.settings'
Starting development server at http://0.0.0.0:3001/
Quit the server with CONTROL-C.

WARNING: This is a development server. Do not use it in a production setting. Use a production WSGI or ASGI server instead.
For more information on production servers see: https://docs.djangoproject.com/en/5.2/howto/deployment/
/home/kavia/workspace/code-generation/eventmanagerapi-62799-1759a8bb/event_api_backend/api/views.py changed, reloading.
Watching for file changes with StatReloader
Performing system checks...

System check identified no issues (0 silenced).
June 30, 2025 - 21:07:31
Django version 5.2, using settings 'config.settings'
Starting development server at http://0.0.0.0:3001/
Quit the server with CONTROL-C.

WARNING: This is a development server. Do not use it in a production setting. Use a production WSGI or ASGI server instead.
For more information on production servers see: https://docs.djangoproject.com/en/5.2/howto/deployment/
[30/Jun/2025 21:07:34] "HEAD /docs HTTP/1.1" 301 0
[30/Jun/2025 21:07:34] "HEAD /docs HTTP/1.1" 301 0
[30/Jun/2025 21:07:34] "HEAD /docs HTTP/1.1" 301 0
[30/Jun/2025 21:07:34] "HEAD /docs HTTP/1.1" 301 0
[30/Jun/2025 21:07:34] "HEAD /docs HTTP/1.1" 301 0
[30/Jun/2025 21:07:34] "HEAD /docs HTTP/1.1" 301 0
[30/Jun/2025 21:07:34] "HEAD /docs/ HTTP/1.1" 200 0
[30/Jun/2025 21:07:34] "HEAD /docs/ HTTP/1.1" 200 0
[30/Jun/2025 21:07:34] "HEAD /docs/ HTTP/1.1" 200 0
[30/Jun/2025 21:07:34] "HEAD /docs/ HTTP/1.1" 200 0
[30/Jun/2025 21:07:34] "HEAD /docs/ HTTP/1.1" 200 0
[30/Jun/2025 21:07:34] "HEAD /docs/ HTTP/1.1" 200 0
[30/Jun/2025 21:07:35] "GET /docs/ HTTP/1.1" 200 2206
[30/Jun/2025 21:07:35] "GET /docs/ HTTP/1.1" 200 2206
[30/Jun/2025 21:07:35] "GET /static/drf-yasg/swagger-ui-dist/swagger-ui.css HTTP/1.1" 304 0
[30/Jun/2025 21:07:35] "GET /static/drf-yasg/insQ.min.js HTTP/1.1" 304 0
[30/Jun/2025 21:07:35] "GET /static/drf-yasg/style.css HTTP/1.1" 304 0
[30/Jun/2025 21:07:35] "GET /static/drf-yasg/swagger-ui-dist/swagger-ui-bundle.js HTTP/1.1" 304 0
[30/Jun/2025 21:07:35] "GET /static/drf-yasg/swagger-ui-dist/swagger-ui-standalone-preset.js HTTP/1.1" 304 0
[30/Jun/2025 21:07:35] "GET /static/drf-yasg/immutable.min.js HTTP/1.1" 304 0
[30/Jun/2025 21:07:35] "GET /static/drf-yasg/swagger-ui-init.js HTTP/1.1" 304 0
[30/Jun/2025 21:07:36] "GET /docs/?format=openapi HTTP/1.1" 200 3758
[30/Jun/2025 21:07:36] "GET /docs/?format=openapi HTTP/1.1" 200 3758
[30/Jun/2025 21:07:37] "GET /docs/?format=openapi HTTP/1.1" 200 3758
[30/Jun/2025 21:07:37] "GET /docs/?format=openapi HTTP/1.1" 200 3758
[30/Jun/2025 21:07:37] "GET /docs/?format=openapi HTTP/1.1" 200 3758
[30/Jun/2025 21:07:38] "GET /docs/?format=openapi HTTP/1.1" 200 3758
[30/Jun/2025 21:08:54] "HEAD /docs HTTP/1.1" 301 0
[30/Jun/2025 21:08:54] "HEAD /docs HTTP/1.1" 301 0
[30/Jun/2025 21:08:54] "HEAD /docs HTTP/1.1" 301 0
[30/Jun/2025 21:08:54] "HEAD /docs HTTP/1.1" 301 0
[30/Jun/2025 21:08:55] "HEAD /docs/ HTTP/1.1" 200 0
[30/Jun/2025 21:08:55] "HEAD /docs/ HTTP/1.1" 200 0
[30/Jun/2025 21:08:55] "HEAD /docs/ HTTP/1.1" 200 0
[30/Jun/2025 21:08:55] "HEAD /docs/ HTTP/1.1" 200 0
[30/Jun/2025 21:08:55] "HEAD /docs HTTP/1.1" 301 0
[30/Jun/2025 21:08:55] "HEAD /docs HTTP/1.1" 301 0
[30/Jun/2025 21:08:55] "HEAD /docs/ HTTP/1.1" 200 0
[30/Jun/2025 21:08:55] "HEAD /docs/ HTTP/1.1" 200 0
[30/Jun/2025 21:08:55] "GET /docs/ HTTP/1.1" 200 2206
[30/Jun/2025 21:08:55] "GET /docs/ HTTP/1.1" 200 2206
[30/Jun/2025 21:08:56] "GET /docs/?format=openapi HTTP/1.1" 200 3758
[30/Jun/2025 21:08:56] "GET /docs/?format=openapi HTTP/1.1" 200 3758
[30/Jun/2025 21:08:56] "GET /docs/?format=openapi HTTP/1.1" 200 3758
[30/Jun/2025 21:08:57] "GET /docs/?format=openapi HTTP/1.1" 200 3758
[30/Jun/2025 21:08:57] "GET /docs/?format=openapi HTTP/1.1" 200 3758
[30/Jun/2025 21:08:58] "GET /docs/?format=openapi HTTP/1.1" 200 3758
[30/Jun/2025 21:09:34] "HEAD /docs HTTP/1.1" 301 0
[30/Jun/2025 21:09:34] "HEAD /docs HTTP/1.1" 301 0
[30/Jun/2025 21:09:34] "HEAD /docs/ HTTP/1.1" 200 0
[30/Jun/2025 21:09:34] "HEAD /docs/ HTTP/1.1" 200 0
[30/Jun/2025 21:09:35] "HEAD /docs HTTP/1.1" 301 0
[30/Jun/2025 21:09:35] "HEAD /docs HTTP/1.1" 301 0
[30/Jun/2025 21:09:35] "GET /docs/ HTTP/1.1" 200 2206
[30/Jun/2025 21:09:35] "GET /docs/ HTTP/1.1" 200 2206
[30/Jun/2025 21:09:35] "HEAD /docs/ HTTP/1.1" 200 0
[30/Jun/2025 21:09:35] "HEAD /docs/ HTTP/1.1" 200 0
[30/Jun/2025 21:09:35] "HEAD /docs HTTP/1.1" 301 0
[30/Jun/2025 21:09:35] "HEAD /docs HTTP/1.1" 301 0
[30/Jun/2025 21:09:35] "GET /static/drf-yasg/style.css HTTP/1.1" 304 0
[30/Jun/2025 21:09:35] "GET /static/drf-yasg/swagger-ui-dist/swagger-ui-standalone-preset.js HTTP/1.1" 304 0
[30/Jun/2025 21:09:35] "GET /static/drf-yasg/swagger-ui-dist/swagger-ui.css HTTP/1.1" 304 0
[30/Jun/2025 21:09:35] "GET /static/drf-yasg/immutable.min.js HTTP/1.1" 304 0
[30/Jun/2025 21:09:35] "GET /static/drf-yasg/swagger-ui-dist/swagger-ui-bundle.js HTTP/1.1" 304 0
[30/Jun/2025 21:09:35] "GET /static/drf-yasg/insQ.min.js HTTP/1.1" 304 0
[30/Jun/2025 21:09:35] "GET /docs/ HTTP/1.1" 200 2206
[30/Jun/2025 21:09:35] "HEAD /docs/ HTTP/1.1" 200 0
[30/Jun/2025 21:09:35] "HEAD /docs/ HTTP/1.1" 200 0
[30/Jun/2025 21:09:35] "GET /docs/ HTTP/1.1" 200 2206
[30/Jun/2025 21:09:35] "GET /static/drf-yasg/swagger-ui-dist/swagger-ui-standalone-preset.js HTTP/1.1" 200 322863
[30/Jun/2025 21:09:35] "GET /static/drf-yasg/style.css HTTP/1.1" 200 1047
[30/Jun/2025 21:09:35] "GET /static/drf-yasg/swagger-ui-dist/swagger-ui.css HTTP/1.1" 200 145206
[30/Jun/2025 21:09:35] "GET /static/drf-yasg/swagger-ui-init.js HTTP/1.1" 200 15480
[30/Jun/2025 21:09:35] "GET /static/drf-yasg/immutable.min.js HTTP/1.1" 200 56904
[30/Jun/2025 21:09:35] "GET /static/drf-yasg/insQ.min.js HTTP/1.1" 200 2093
[30/Jun/2025 21:09:35] "GET /static/drf-yasg/swagger-ui-dist/swagger-ui-bundle.js HTTP/1.1" 200 1046583
[30/Jun/2025 21:09:37] "GET /docs/?format=openapi HTTP/1.1" 200 3758
[30/Jun/2025 21:09:38] "GET /docs/?format=openapi HTTP/1.1" 200 3758
[30/Jun/2025 21:09:38] "GET /docs/?format=openapi HTTP/1.1" 200 3758
[30/Jun/2025 21:09:38] "GET /docs/?format=openapi HTTP/1.1" 200 3758
[30/Jun/2025 21:09:39] "GET /docs/?format=openapi HTTP/1.1" 200 3758
[30/Jun/2025 21:09:39] "GET /docs/?format=openapi HTTP/1.1" 200 3758
[30/Jun/2025 21:12:26] "HEAD /docs HTTP/1.1" 301 0
[30/Jun/2025 21:12:26] "HEAD /docs HTTP/1.1" 301 0
[30/Jun/2025 21:12:26] "HEAD /docs HTTP/1.1" 301 0
[30/Jun/2025 21:12:26] "HEAD /docs HTTP/1.1" 301 0
[30/Jun/2025 21:12:26] "HEAD /docs HTTP/1.1" 301 0
[30/Jun/2025 21:12:26] "HEAD /docs HTTP/1.1" 301 0
[30/Jun/2025 21:12:26] "HEAD /docs/ HTTP/1.1" 200 0
[30/Jun/2025 21:12:26] "HEAD /docs/ HTTP/1.1" 200 0
[30/Jun/2025 21:12:26] "HEAD /docs/ HTTP/1.1" 200 0
[30/Jun/2025 21:12:26] "HEAD /docs/ HTTP/1.1" 200 0
[30/Jun/2025 21:12:26] "HEAD /docs/ HTTP/1.1" 200 0
[30/Jun/2025 21:12:26] "HEAD /docs/ HTTP/1.1" 200 0
[30/Jun/2025 21:12:27] "GET /docs/ HTTP/1.1" 200 2206
[30/Jun/2025 21:12:27] "GET /docs/ HTTP/1.1" 200 2206
[30/Jun/2025 21:12:27] "GET /static/drf-yasg/swagger-ui-dist/swagger-ui-bundle.js HTTP/1.1" 304 0
[30/Jun/2025 21:12:27] "GET /static/drf-yasg/swagger-ui-dist/swagger-ui.css HTTP/1.1" 304 0
[30/Jun/2025 21:12:27] "GET /static/drf-yasg/immutable.min.js HTTP/1.1" 304 0
[30/Jun/2025 21:12:27] "GET /static/drf-yasg/swagger-ui-dist/swagger-ui-standalone-preset.js HTTP/1.1" 304 0
[30/Jun/2025 21:12:27] "GET /static/drf-yasg/style.css HTTP/1.1" 304 0
[30/Jun/2025 21:12:27] "GET /static/drf-yasg/insQ.min.js HTTP/1.1" 304 0
[30/Jun/2025 21:12:27] "GET /static/drf-yasg/swagger-ui-init.js HTTP/1.1" 304 0
[30/Jun/2025 21:12:27] "GET /docs/?format=openapi HTTP/1.1" 200 3757
[30/Jun/2025 21:12:28] "GET /docs/?format=openapi HTTP/1.1" 200 3757
[30/Jun/2025 21:12:28] "GET /docs/?format=openapi HTTP/1.1" 200 3757
[30/Jun/2025 21:12:29] "GET /docs/?format=openapi HTTP/1.1" 200 3757
[30/Jun/2025 21:12:29] "GET /docs/?format=openapi HTTP/1.1" 200 3757
[30/Jun/2025 21:12:30] "GET /docs/?format=openapi HTTP/1.1" 200 3757
[30/Jun/2025 21:12:40] "HEAD /docs HTTP/1.1" 301 0
[30/Jun/2025 21:12:40] "HEAD /docs HTTP/1.1" 301 0
[30/Jun/2025 21:12:41] "HEAD /docs/ HTTP/1.1" 200 0
[30/Jun/2025 21:12:41] "HEAD /docs/ HTTP/1.1" 200 0
[30/Jun/2025 21:12:41] "HEAD /docs HTTP/1.1" 301 0
[30/Jun/2025 21:12:41] "HEAD /docs HTTP/1.1" 301 0
[30/Jun/2025 21:12:41] "GET /docs/ HTTP/1.1" 200 2206
[30/Jun/2025 21:12:41] "HEAD /docs/ HTTP/1.1" 200 0
[30/Jun/2025 21:12:41] "HEAD /docs/ HTTP/1.1" 200 0
[30/Jun/2025 21:12:41] "GET /docs/ HTTP/1.1" 200 2206
[30/Jun/2025 21:12:41] "HEAD /docs HTTP/1.1" 301 0
[30/Jun/2025 21:12:41] "HEAD /docs HTTP/1.1" 301 0
[30/Jun/2025 21:12:41] "GET /docs/ HTTP/1.1" 200 2206
[30/Jun/2025 21:12:41] "HEAD /docs/ HTTP/1.1" 200 0
[30/Jun/2025 21:12:41] "HEAD /docs/ HTTP/1.1" 200 0
[30/Jun/2025 21:12:42] "GET /docs/ HTTP/1.1" 200 2206
[30/Jun/2025 21:12:42] "GET /docs/?format=openapi HTTP/1.1" 200 3757
[30/Jun/2025 21:12:42] "GET /docs/?format=openapi HTTP/1.1" 200 3757
[30/Jun/2025 21:12:42] "GET /docs/?format=openapi HTTP/1.1" 200 3757
[30/Jun/2025 21:12:42] "GET /docs/?format=openapi HTTP/1.1" 200 3757
[30/Jun/2025 21:12:43] "GET /docs/?format=openapi HTTP/1.1" 200 3757
[30/Jun/2025 21:12:43] "GET /docs/?format=openapi HTTP/1.1" 200 3757
[30/Jun/2025 21:12:54] "HEAD /docs HTTP/1.1" 301 0
[30/Jun/2025 21:12:54] "HEAD /docs HTTP/1.1" 301 0
[30/Jun/2025 21:12:54] "HEAD /docs/ HTTP/1.1" 200 0
[30/Jun/2025 21:12:54] "HEAD /docs/ HTTP/1.1" 200 0
[30/Jun/2025 21:12:55] "HEAD /docs HTTP/1.1" 301 0
[30/Jun/2025 21:12:55] "HEAD /docs HTTP/1.1" 301 0
[30/Jun/2025 21:12:55] "GET /docs/ HTTP/1.1" 200 2206
[30/Jun/2025 21:12:55] "HEAD /docs/ HTTP/1.1" 200 0
[30/Jun/2025 21:12:55] "HEAD /docs HTTP/1.1" 301 0
[30/Jun/2025 21:12:55] "HEAD /docs/ HTTP/1.1" 200 0
[30/Jun/2025 21:12:55] "HEAD /docs HTTP/1.1" 301 0
[30/Jun/2025 21:12:55] "HEAD /docs/ HTTP/1.1" 200 0
[30/Jun/2025 21:12:55] "GET /docs/ HTTP/1.1" 200 2206
[30/Jun/2025 21:12:55] "HEAD /docs/ HTTP/1.1" 200 0
[30/Jun/2025 21:12:55] "GET /docs/ HTTP/1.1" 200 2206
[30/Jun/2025 21:12:55] "GET /docs/?format=openapi HTTP/1.1" 200 3757
[30/Jun/2025 21:12:56] "GET /docs/?format=openapi HTTP/1.1" 200 3757
[30/Jun/2025 21:12:56] "GET /docs/?format=openapi HTTP/1.1" 200 3757
[30/Jun/2025 21:12:56] "GET /docs/?format=openapi HTTP/1.1" 200 3757
[30/Jun/2025 21:12:57] "GET /docs/?format=openapi HTTP/1.1" 200 3757
[30/Jun/2025 21:12:57] "GET /docs/?format=openapi HTTP/1.1" 200 3757
[30/Jun/2025 21:14:05] "HEAD /docs HTTP/1.1" 301 0
[30/Jun/2025 21:14:05] "HEAD /docs HTTP/1.1" 301 0
[30/Jun/2025 21:14:05] "HEAD /docs HTTP/1.1" 301 0
[30/Jun/2025 21:14:05] "HEAD /docs HTTP/1.1" 301 0
[30/Jun/2025 21:14:05] "HEAD /docs/ HTTP/1.1" 200 0
[30/Jun/2025 21:14:05] "HEAD /docs/ HTTP/1.1" 200 0
[30/Jun/2025 21:14:05] "HEAD /docs/ HTTP/1.1" 200 0
[30/Jun/2025 21:14:05] "HEAD /docs HTTP/1.1" 301 0
[30/Jun/2025 21:14:05] "HEAD /docs HTTP/1.1" 301 0
[30/Jun/2025 21:14:05] "HEAD /docs/ HTTP/1.1" 200 0
[30/Jun/2025 21:14:05] "HEAD /docs/ HTTP/1.1" 200 0
[30/Jun/2025 21:14:05] "HEAD /docs/ HTTP/1.1" 200 0
[30/Jun/2025 21:14:06] "GET /docs/ HTTP/1.1" 200 2206
[30/Jun/2025 21:14:06] "GET /docs/ HTTP/1.1" 200 2206
[30/Jun/2025 21:14:06] "GET /docs/?format=openapi HTTP/1.1" 200 3758
[30/Jun/2025 21:14:06] "GET /docs/?format=openapi HTTP/1.1" 200 3758
[30/Jun/2025 21:14:06] "GET /docs/?format=openapi HTTP/1.1" 200 3758
[30/Jun/2025 21:14:07] "GET /docs/?format=openapi HTTP/1.1" 200 3758
[30/Jun/2025 21:14:07] "GET /docs/?format=openapi HTTP/1.1" 200 3758
[30/Jun/2025 21:14:08] "GET /docs/?format=openapi HTTP/1.1" 200 3758
/home/kavia/workspace/code-generation/eventmanagerapi-62799-1759a8bb/event_api_backend/config/urls.py changed, reloading.
Watching for file changes with StatReloader
Performing system checks...

Exception in thread django-main-thread:
Traceback (most recent call last):
  File "/usr/lib/python3.12/threading.py", line 1073, in _bootstrap_inner
    self.run()
  File "/usr/lib/python3.12/threading.py", line 1010, in run
    self._target(*self._args, **self._kwargs)
  File "/home/kavia/workspace/code-generation/eventmanagerapi-62799-1759a8bb/event_api_backend/venv/lib/python3.12/site-packages/django/utils/autoreload.py", line 64, in wrapper
    fn(*args, **kwargs)
  File "/home/kavia/workspace/code-generation/eventmanagerapi-62799-1759a8bb/event_api_backend/venv/lib/python3.12/site-packages/django/core/management/commands/runserver.py", line 134, in inner_run
    self.check(**check_kwargs)
  File "/home/kavia/workspace/code-generation/eventmanagerapi-62799-1759a8bb/event_api_backend/venv/lib/python3.12/site-packages/django/core/management/base.py", line 492, in check
    all_issues = checks.run_checks(
                 ^^^^^^^^^^^^^^^^^^
  File "/home/kavia/workspace/code-generation/eventmanagerapi-62799-1759a8bb/event_api_backend/venv/lib/python3.12/site-packages/django/core/checks/registry.py", line 89, in run_checks
    new_errors = check(app_configs=app_configs, databases=databases)
                 ^^^^^^^^^^^^^^^^^^^^^^^^^^^^^^^^^^^^^^^^^^^^^^^^^^^
  File "/home/kavia/workspace/code-generation/eventmanagerapi-62799-1759a8bb/event_api_backend/venv/lib/python3.12/site-packages/django/core/checks/urls.py", line 44, in check_url_namespaces_unique
    all_namespaces = _load_all_namespaces(resolver)
                     ^^^^^^^^^^^^^^^^^^^^^^^^^^^^^^
  File "/home/kavia/workspace/code-generation/eventmanagerapi-62799-1759a8bb/event_api_backend/venv/lib/python3.12/site-packages/django/core/checks/urls.py", line 63, in _load_all_namespaces
    url_patterns = getattr(resolver, "url_patterns", [])
                   ^^^^^^^^^^^^^^^^^^^^^^^^^^^^^^^^^^^^^
  File "/home/kavia/workspace/code-generation/eventmanagerapi-62799-1759a8bb/event_api_backend/venv/lib/python3.12/site-packages/django/utils/functional.py", line 47, in __get__
    res = instance.__dict__[self.name] = self.func(instance)
                                         ^^^^^^^^^^^^^^^^^^^
  File "/home/kavia/workspace/code-generation/eventmanagerapi-62799-1759a8bb/event_api_backend/venv/lib/python3.12/site-packages/django/urls/resolvers.py", line 718, in url_patterns
    patterns = getattr(self.urlconf_module, "urlpatterns", self.urlconf_module)
                       ^^^^^^^^^^^^^^^^^^^
  File "/home/kavia/workspace/code-generation/eventmanagerapi-62799-1759a8bb/event_api_backend/venv/lib/python3.12/site-packages/django/utils/functional.py", line 47, in __get__
    res = instance.__dict__[self.name] = self.func(instance)
                                         ^^^^^^^^^^^^^^^^^^^
  File "/home/kavia/workspace/code-generation/eventmanagerapi-62799-1759a8bb/event_api_backend/venv/lib/python3.12/site-packages/django/urls/resolvers.py", line 711, in urlconf_module
    return import_module(self.urlconf_name)
           ^^^^^^^^^^^^^^^^^^^^^^^^^^^^^^^^
  File "/usr/lib/python3.12/importlib/__init__.py", line 90, in import_module
    return _bootstrap._gcd_import(name[level:], package, level)
           ^^^^^^^^^^^^^^^^^^^^^^^^^^^^^^^^^^^^^^^^^^^^^^^^^^^^
  File "<frozen importlib._bootstrap>", line 1387, in _gcd_import
  File "<frozen importlib._bootstrap>", line 1360, in _find_and_load
  File "<frozen importlib._bootstrap>", line 1331, in _find_and_load_unlocked
  File "<frozen importlib._bootstrap>", line 935, in _load_unlocked
  File "<frozen importlib._bootstrap_external>", line 995, in exec_module
  File "<frozen importlib._bootstrap>", line 488, in _call_with_frames_removed
  File "/home/kavia/workspace/code-generation/eventmanagerapi-62799-1759a8bb/event_api_backend/config/urls.py", line 40, in <module>
    @api_view(['GET'])
     ^^^^^^^^
NameError: name 'api_view' is not defined
/home/kavia/workspace/code-generation/eventmanagerapi-62799-1759a8bb/event_api_backend/config/urls.py changed, reloading.
Watching for file changes with StatReloader
Performing system checks...

System check identified no issues (0 silenced).
June 30, 2025 - 21:17:33
Django version 5.2, using settings 'config.settings'
Starting development server at http://0.0.0.0:3001/
Quit the server with CONTROL-C.

WARNING: This is a development server. Do not use it in a production setting. Use a production WSGI or ASGI server instead.
For more information on production servers see: https://docs.djangoproject.com/en/5.2/howto/deployment/
[30/Jun/2025 21:17:33] "GET /docs/ HTTP/1.1" 200 2206
[30/Jun/2025 21:17:33] "GET /docs/ HTTP/1.1" 200 2206
[30/Jun/2025 21:17:33] "HEAD /docs HTTP/1.1" 301 0
[30/Jun/2025 21:17:33] "HEAD /docs HTTP/1.1" 301 0
[30/Jun/2025 21:17:33] "HEAD /docs HTTP/1.1" 301 0
[30/Jun/2025 21:17:33] "HEAD /docs HTTP/1.1" 301 0
[30/Jun/2025 21:17:33] "HEAD /docs/ HTTP/1.1" 200 0
[30/Jun/2025 21:17:33] "HEAD /docs/ HTTP/1.1" 200 0
[30/Jun/2025 21:17:33] "HEAD /docs/ HTTP/1.1" 200 0
[30/Jun/2025 21:17:33] "HEAD /docs/ HTTP/1.1" 200 0
[30/Jun/2025 21:17:33] "GET /docs/ HTTP/1.1" 200 2206
[30/Jun/2025 21:17:34] "GET /docs/ HTTP/1.1" 200 2206
[30/Jun/2025 21:17:34] "GET /static/drf-yasg/swagger-ui-dist/swagger-ui-bundle.js HTTP/1.1" 304 0
[30/Jun/2025 21:17:34] "GET /static/drf-yasg/swagger-ui-dist/swagger-ui.css HTTP/1.1" 304 0
[30/Jun/2025 21:17:34] "GET /static/drf-yasg/style.css HTTP/1.1" 304 0
[30/Jun/2025 21:17:34] "GET /static/drf-yasg/swagger-ui-dist/swagger-ui-standalone-preset.js HTTP/1.1" 304 0
[30/Jun/2025 21:17:34] "GET /static/drf-yasg/insQ.min.js HTTP/1.1" 304 0
[30/Jun/2025 21:17:34] "GET /static/drf-yasg/immutable.min.js HTTP/1.1" 304 0
[30/Jun/2025 21:17:34] "GET /static/drf-yasg/swagger-ui-init.js HTTP/1.1" 304 0
[30/Jun/2025 21:17:34] "GET /docs/?format=openapi HTTP/1.1" 200 3758
[30/Jun/2025 21:17:34] "GET /docs/?format=openapi HTTP/1.1" 200 3758
[30/Jun/2025 21:17:35] "GET /docs/?format=openapi HTTP/1.1" 200 3758
[30/Jun/2025 21:17:35] "GET /docs/?format=openapi HTTP/1.1" 200 3758
[30/Jun/2025 21:17:36] "GET /docs/?format=openapi HTTP/1.1" 200 3758
[30/Jun/2025 21:17:36] "GET /docs/?format=openapi HTTP/1.1" 200 3758
/home/kavia/workspace/code-generation/eventmanagerapi-62799-1759a8bb/event_api_backend/config/urls.py changed, reloading.
Watching for file changes with StatReloader
Performing system checks...

System check identified no issues (0 silenced).
June 30, 2025 - 21:18:30
Django version 5.2, using settings 'config.settings'
Starting development server at http://0.0.0.0:3001/
Quit the server with CONTROL-C.

WARNING: This is a development server. Do not use it in a production setting. Use a production WSGI or ASGI server instead.
For more information on production servers see: https://docs.djangoproject.com/en/5.2/howto/deployment/
[30/Jun/2025 21:18:33] "HEAD /docs HTTP/1.1" 301 0
[30/Jun/2025 21:18:33] "HEAD /docs HTTP/1.1" 301 0
[30/Jun/2025 21:18:33] "HEAD /docs/ HTTP/1.1" 200 0
[30/Jun/2025 21:18:33] "HEAD /docs/ HTTP/1.1" 200 0
[30/Jun/2025 21:18:33] "HEAD /docs HTTP/1.1" 301 0
[30/Jun/2025 21:18:33] "HEAD /docs HTTP/1.1" 301 0
[30/Jun/2025 21:18:33] "GET /docs/ HTTP/1.1" 200 2206
[30/Jun/2025 21:18:34] "GET /docs/ HTTP/1.1" 200 2206
[30/Jun/2025 21:18:34] "HEAD /docs/ HTTP/1.1" 200 0
[30/Jun/2025 21:18:34] "HEAD /docs/ HTTP/1.1" 200 0
[30/Jun/2025 21:18:34] "HEAD /docs HTTP/1.1" 301 0
[30/Jun/2025 21:18:34] "HEAD /docs HTTP/1.1" 301 0
[30/Jun/2025 21:18:34] "HEAD /docs/ HTTP/1.1" 200 0
[30/Jun/2025 21:18:34] "HEAD /docs/ HTTP/1.1" 200 0
[30/Jun/2025 21:18:34] "GET /docs/ HTTP/1.1" 200 2206
[30/Jun/2025 21:18:34] "GET /docs/ HTTP/1.1" 200 2206
[30/Jun/2025 21:18:34] "GET /docs/?format=openapi HTTP/1.1" 200 3758
[30/Jun/2025 21:18:35] "GET /docs/?format=openapi HTTP/1.1" 200 3758
[30/Jun/2025 21:18:35] "GET /docs/?format=openapi HTTP/1.1" 200 3758
[30/Jun/2025 21:18:35] "GET /docs/?format=openapi HTTP/1.1" 200 3758
[30/Jun/2025 21:18:36] "GET /docs/?format=openapi HTTP/1.1" 200 3758
[30/Jun/2025 21:18:36] "GET /docs/?format=openapi HTTP/1.1" 200 3758
/home/kavia/workspace/code-generation/eventmanagerapi-62799-1759a8bb/event_api_backend/config/urls.py changed, reloading.
Watching for file changes with StatReloader
Performing system checks...

System check identified no issues (0 silenced).
June 30, 2025 - 21:19:29
Django version 5.2, using settings 'config.settings'
Starting development server at http://0.0.0.0:3001/
Quit the server with CONTROL-C.

WARNING: This is a development server. Do not use it in a production setting. Use a production WSGI or ASGI server instead.
For more information on production servers see: https://docs.djangoproject.com/en/5.2/howto/deployment/
[30/Jun/2025 21:19:32] "HEAD /docs HTTP/1.1" 301 0
[30/Jun/2025 21:19:32] "HEAD /docs HTTP/1.1" 301 0
[30/Jun/2025 21:19:32] "HEAD /docs/ HTTP/1.1" 200 0
[30/Jun/2025 21:19:32] "HEAD /docs/ HTTP/1.1" 200 0
[30/Jun/2025 21:19:33] "HEAD /docs HTTP/1.1" 301 0
[30/Jun/2025 21:19:33] "HEAD /docs HTTP/1.1" 301 0
[30/Jun/2025 21:19:33] "GET /docs/ HTTP/1.1" 200 2206
[30/Jun/2025 21:19:33] "HEAD /docs/ HTTP/1.1" 200 0
[30/Jun/2025 21:19:33] "HEAD /docs/ HTTP/1.1" 200 0
[30/Jun/2025 21:19:33] "GET /docs/ HTTP/1.1" 200 2206
[30/Jun/2025 21:19:33] "HEAD /docs HTTP/1.1" 301 0
[30/Jun/2025 21:19:33] "HEAD /docs HTTP/1.1" 301 0
[30/Jun/2025 21:19:33] "GET /docs/ HTTP/1.1" 200 2206
[30/Jun/2025 21:19:33] "HEAD /docs/ HTTP/1.1" 200 0
[30/Jun/2025 21:19:33] "HEAD /docs/ HTTP/1.1" 200 0
[30/Jun/2025 21:19:33] "GET /docs/ HTTP/1.1" 200 2206
[30/Jun/2025 21:19:33] "GET /docs/?format=openapi HTTP/1.1" 200 3758
[30/Jun/2025 21:19:34] "GET /docs/?format=openapi HTTP/1.1" 200 3758
[30/Jun/2025 21:19:34] "GET /docs/?format=openapi HTTP/1.1" 200 3758
[30/Jun/2025 21:19:34] "GET /docs/?format=openapi HTTP/1.1" 200 3758
[30/Jun/2025 21:19:35] "GET /docs/?format=openapi HTTP/1.1" 200 3758
[30/Jun/2025 21:19:35] "GET /docs/?format=openapi HTTP/1.1" 200 3758
